2025-10-06 16:26:05,872 - INFO - Bắt đầu test chạy với manga ID: dba4094b-cd65-4feb-b6bb-30789e661ce9
2025-10-06 16:26:05,935 - INFO - Đã kết nối đến cơ sở dữ liệu.
2025-10-06 16:26:06,876 - INFO - Lấy thống kê cho 1 manga.
2025-10-06 16:26:07,701 - INFO - Hoàn thành lấy thống kê.
2025-10-06 16:26:07,702 - INFO - Bắt đầu mapping và upsert manga ID: DBA4094B-CD65-4FEB-B6BB-30789E661CE9
2025-10-06 16:26:07,702 - INFO - Xử lý upsert manga ID: DBA4094B-CD65-4FEB-B6BB-30789E661CE9
2025-10-06 16:26:07,726 - INFO - Xử lý upsert MangaDescription cho MangaId: DBA4094B-CD65-4FEB-B6BB-30789E661CE9
2025-10-06 16:26:07,778 - INFO - Xử lý upsert MangaAvailableLanguage cho MangaId: DBA4094B-CD65-4FEB-B6BB-30789E661CE9
2025-10-06 16:26:07,803 - INFO - Xử lý upsert MangaAvailableLanguage cho MangaId: DBA4094B-CD65-4FEB-B6BB-30789E661CE9
2025-10-06 16:26:07,821 - INFO - Xử lý upsert MangaLink cho MangaId: DBA4094B-CD65-4FEB-B6BB-30789E661CE9
2025-10-06 16:26:07,907 - INFO - Lấy manga liên quan cho manga ID: DBA4094B-CD65-4FEB-B6BB-30789E661CE9
2025-10-06 16:26:07,908 - INFO - Tìm thấy 0 manga liên quan.
2025-10-06 16:26:07,908 - INFO - Xử lý upsert MangaStatistics cho MangaId: DBA4094B-CD65-4FEB-B6BB-30789E661CE9, StatisticId: F3552D39-1A03-4E47-A303-8270AE07FBE2
2025-10-06 16:26:07,917 - INFO - Hoàn thành upsert MangaStatistics cho MangaId: DBA4094B-CD65-4FEB-B6BB-30789E661CE9
2025-10-06 16:26:07,918 - INFO - Xử lý tag ID: B13B2A48-C720-44A9-9C77-39C9979373FB cho manga ID: DBA4094B-CD65-4FEB-B6BB-30789E661CE9
2025-10-06 16:26:07,921 - INFO - Xử lý upsert MangaTag cho MangaId: DBA4094B-CD65-4FEB-B6BB-30789E661CE9, TagId: B13B2A48-C720-44A9-9C77-39C9979373FB
2025-10-06 16:26:07,927 - INFO - Lấy danh sách chương cho manga ID: DBA4094B-CD65-4FEB-B6BB-30789E661CE9
2025-10-06 16:26:09,639 - INFO - Tổng cộng lấy được 10 chương cho manga ID: DBA4094B-CD65-4FEB-B6BB-30789E661CE9
2025-10-06 16:26:09,640 - INFO - Xử lý upsert Chapter cho ChapterId: 5AD033F3-BE48-4A34-9C83-DAA60C527C46
2025-10-06 16:26:09,659 - INFO - Xử lý upsert Chapter cho ChapterId: 1A0B7A6E-E210-46BA-817F-2F35C0385199
2025-10-06 16:26:09,672 - INFO - Xử lý upsert Chapter cho ChapterId: 63066351-2E95-48CC-A357-9A577D6783C0
2025-10-06 16:26:09,685 - INFO - Xử lý upsert Chapter cho ChapterId: 300E1ACF-9562-4DB4-B271-3DE71CD6AE25
2025-10-06 16:26:09,701 - INFO - Xử lý upsert Chapter cho ChapterId: 00E0FC5F-81CD-4F3C-9E5F-3AEF51C18CE5
2025-10-06 16:26:09,716 - INFO - Xử lý upsert Chapter cho ChapterId: 50DAC8CB-3736-4BF5-BEE0-C3F48E1DA3D9
2025-10-06 16:26:09,733 - INFO - Xử lý upsert Chapter cho ChapterId: FA90612A-FA12-4BBC-B4C3-56D52E4AFA49
2025-10-06 16:26:09,746 - INFO - Xử lý upsert Chapter cho ChapterId: FF4300A8-EFAD-4705-B096-8CD2F8F3C52A
2025-10-06 16:26:09,762 - INFO - Xử lý upsert Chapter cho ChapterId: 2F691073-3D8D-4CDC-96FE-7BA04C5DBDF9
2025-10-06 16:26:09,774 - INFO - Xử lý upsert Chapter cho ChapterId: AF70D0B3-448F-4C47-8FC7-B5943B561B23
2025-10-06 16:26:09,788 - INFO - Lấy toàn bộ cover cho manga ID: DBA4094B-CD65-4FEB-B6BB-30789E661CE9
2025-10-06 16:26:12,360 - INFO - Đã tải ảnh bìa cho cover ID: C8DD50C3-47B7-4E4C-A698-8478AB716DAA, kích thước: 427455 bytes
2025-10-06 16:26:12,365 - INFO - Tổng cộng lấy được 1 cover cho manga ID: DBA4094B-CD65-4FEB-B6BB-30789E661CE9
2025-10-06 16:26:12,369 - INFO - Lấy thông tin creator ID: 1804A16A-84ED-42BE-A9C8-D477078F2D68
2025-10-06 16:26:13,195 - INFO - Xử lý upsert Creator cho CreatorId: 1804A16A-84ED-42BE-A9C8-D477078F2D68
2025-10-06 16:26:13,207 - INFO - Xử lý upsert CreatorRelationship cho CreatorId: 1804A16A-84ED-42BE-A9C8-D477078F2D68, RelatedId: DBA4094B-CD65-4FEB-B6BB-30789E661CE9
2025-10-06 16:26:13,235 - INFO - Xử lý upsert CreatorRelationship cho CreatorId: 1804A16A-84ED-42BE-A9C8-D477078F2D68, RelatedId: DBA4094B-CD65-4FEB-B6BB-30789E661CE9
2025-10-06 16:26:13,248 - INFO - Xử lý upsert Covers cho cover_id: C8DD50C3-47B7-4E4C-A698-8478AB716DAA
2025-10-06 16:26:13,265 - INFO - Hoàn thành mapping và upsert manga ID: DBA4094B-CD65-4FEB-B6BB-30789E661CE9
2025-10-06 16:26:13,265 - INFO - Hoàn thành test và đóng kết nối DB.
2025-10-06 16:29:08,506 - INFO - Bắt đầu test chạy với manga ID: dba4094b-cd65-4feb-b6bb-30789e661ce9
2025-10-06 16:29:08,553 - INFO - Đã kết nối đến cơ sở dữ liệu.
2025-10-06 16:29:11,975 - INFO - Lấy thống kê cho 1 manga.
2025-10-06 16:29:14,263 - INFO - Hoàn thành lấy thống kê.
2025-10-06 16:29:14,264 - INFO - Bắt đầu mapping và upsert manga ID: DBA4094B-CD65-4FEB-B6BB-30789E661CE9
2025-10-06 16:29:14,265 - INFO - Xử lý upsert manga ID: DBA4094B-CD65-4FEB-B6BB-30789E661CE9
2025-10-06 16:29:14,279 - INFO - Xử lý upsert MangaDescription cho MangaId: DBA4094B-CD65-4FEB-B6BB-30789E661CE9
2025-10-06 16:29:14,331 - INFO - Xử lý upsert MangaAvailableLanguage cho MangaId: DBA4094B-CD65-4FEB-B6BB-30789E661CE9
2025-10-06 16:29:14,347 - INFO - Xử lý upsert MangaAvailableLanguage cho MangaId: DBA4094B-CD65-4FEB-B6BB-30789E661CE9
2025-10-06 16:29:14,370 - INFO - Xử lý upsert MangaLink cho MangaId: DBA4094B-CD65-4FEB-B6BB-30789E661CE9
2025-10-06 16:29:14,449 - INFO - Lấy manga liên quan cho manga ID: DBA4094B-CD65-4FEB-B6BB-30789E661CE9
2025-10-06 16:29:14,450 - INFO - Tìm thấy 0 manga liên quan.
2025-10-06 16:29:14,451 - INFO - Xử lý upsert MangaStatistics cho MangaId: DBA4094B-CD65-4FEB-B6BB-30789E661CE9, StatisticId: 0E8C0391-9411-48E1-8B68-B86E7AA93250
2025-10-06 16:29:14,612 - INFO - Hoàn thành upsert MangaStatistics cho MangaId: DBA4094B-CD65-4FEB-B6BB-30789E661CE9
2025-10-06 16:29:14,613 - INFO - Xử lý tag ID: B13B2A48-C720-44A9-9C77-39C9979373FB cho manga ID: DBA4094B-CD65-4FEB-B6BB-30789E661CE9
2025-10-06 16:29:14,614 - INFO - Xử lý upsert MangaTag cho MangaId: DBA4094B-CD65-4FEB-B6BB-30789E661CE9, TagId: B13B2A48-C720-44A9-9C77-39C9979373FB
2025-10-06 16:29:14,616 - INFO - Lấy danh sách chương cho manga ID: DBA4094B-CD65-4FEB-B6BB-30789E661CE9
2025-10-06 16:29:17,347 - INFO - Tổng cộng lấy được 10 chương cho manga ID: DBA4094B-CD65-4FEB-B6BB-30789E661CE9
2025-10-06 16:29:17,348 - INFO - Xử lý upsert Chapter cho ChapterId: 5AD033F3-BE48-4A34-9C83-DAA60C527C46
2025-10-06 16:29:17,353 - INFO - Xử lý upsert Chapter cho ChapterId: 1A0B7A6E-E210-46BA-817F-2F35C0385199
2025-10-06 16:29:17,354 - INFO - Xử lý upsert Chapter cho ChapterId: 63066351-2E95-48CC-A357-9A577D6783C0
2025-10-06 16:29:17,356 - INFO - Xử lý upsert Chapter cho ChapterId: 300E1ACF-9562-4DB4-B271-3DE71CD6AE25
2025-10-06 16:29:17,357 - INFO - Xử lý upsert Chapter cho ChapterId: 00E0FC5F-81CD-4F3C-9E5F-3AEF51C18CE5
2025-10-06 16:29:17,358 - INFO - Xử lý upsert Chapter cho ChapterId: 50DAC8CB-3736-4BF5-BEE0-C3F48E1DA3D9
2025-10-06 16:29:17,361 - INFO - Xử lý upsert Chapter cho ChapterId: FA90612A-FA12-4BBC-B4C3-56D52E4AFA49
2025-10-06 16:29:17,362 - INFO - Xử lý upsert Chapter cho ChapterId: FF4300A8-EFAD-4705-B096-8CD2F8F3C52A
2025-10-06 16:29:17,364 - INFO - Xử lý upsert Chapter cho ChapterId: 2F691073-3D8D-4CDC-96FE-7BA04C5DBDF9
2025-10-06 16:29:17,366 - INFO - Xử lý upsert Chapter cho ChapterId: AF70D0B3-448F-4C47-8FC7-B5943B561B23
2025-10-06 16:29:17,367 - INFO - Lấy toàn bộ cover cho manga ID: DBA4094B-CD65-4FEB-B6BB-30789E661CE9
2025-10-06 16:29:19,534 - INFO - Đã tải ảnh bìa cho cover ID: C8DD50C3-47B7-4E4C-A698-8478AB716DAA, kích thước: 427455 bytes
2025-10-06 16:29:19,536 - INFO - Tổng cộng lấy được 1 cover cho manga ID: DBA4094B-CD65-4FEB-B6BB-30789E661CE9
2025-10-06 16:29:19,542 - INFO - Lấy thông tin creator ID: 1804A16A-84ED-42BE-A9C8-D477078F2D68
2025-10-06 16:29:20,566 - INFO - Xử lý upsert Creator cho CreatorId: 1804A16A-84ED-42BE-A9C8-D477078F2D68
2025-10-06 16:29:20,578 - INFO - Xử lý upsert CreatorRelationship cho CreatorId: 1804A16A-84ED-42BE-A9C8-D477078F2D68, RelatedId: DBA4094B-CD65-4FEB-B6BB-30789E661CE9
2025-10-06 16:29:20,597 - INFO - Xử lý upsert CreatorRelationship cho CreatorId: 1804A16A-84ED-42BE-A9C8-D477078F2D68, RelatedId: DBA4094B-CD65-4FEB-B6BB-30789E661CE9
2025-10-06 16:29:20,613 - INFO - Xử lý upsert Covers cho cover_id: C8DD50C3-47B7-4E4C-A698-8478AB716DAA
2025-10-06 16:29:20,626 - INFO - Hoàn thành mapping và upsert manga ID: DBA4094B-CD65-4FEB-B6BB-30789E661CE9
2025-10-06 16:29:20,627 - INFO - Hoàn thành test và đóng kết nối DB.
